Archive member included to satisfy reference by file (symbol)

c:/st/stm32cubeide_1.4.0/stm32cubeide/plugins/com.st.stm32cube.ide.mcu.externaltools.gnu-tools-for-stm32.7-2018-q2-update.win32_1.4.0.202007081208/tools/bin/../lib/gcc/arm-none-eabi/7.3.1/../../../../arm-none-eabi/lib/thumb/v7-m\libc_nano.a(lib_a-errno.o)
                              Src/syscalls.o (__errno)
c:/st/stm32cubeide_1.4.0/stm32cubeide/plugins/com.st.stm32cube.ide.mcu.externaltools.gnu-tools-for-stm32.7-2018-q2-update.win32_1.4.0.202007081208/tools/bin/../lib/gcc/arm-none-eabi/7.3.1/../../../../arm-none-eabi/lib/thumb/v7-m\libc_nano.a(lib_a-exit.o)
                              c:/st/stm32cubeide_1.4.0/stm32cubeide/plugins/com.st.stm32cube.ide.mcu.externaltools.gnu-tools-for-stm32.7-2018-q2-update.win32_1.4.0.202007081208/tools/bin/../lib/gcc/arm-none-eabi/7.3.1/../../../../arm-none-eabi/lib/thumb/v7-m/crt0.o (exit)
c:/st/stm32cubeide_1.4.0/stm32cubeide/plugins/com.st.stm32cube.ide.mcu.externaltools.gnu-tools-for-stm32.7-2018-q2-update.win32_1.4.0.202007081208/tools/bin/../lib/gcc/arm-none-eabi/7.3.1/../../../../arm-none-eabi/lib/thumb/v7-m\libc_nano.a(lib_a-impure.o)
                              c:/st/stm32cubeide_1.4.0/stm32cubeide/plugins/com.st.stm32cube.ide.mcu.externaltools.gnu-tools-for-stm32.7-2018-q2-update.win32_1.4.0.202007081208/tools/bin/../lib/gcc/arm-none-eabi/7.3.1/../../../../arm-none-eabi/lib/thumb/v7-m\libc_nano.a(lib_a-exit.o) (_global_impure_ptr)
c:/st/stm32cubeide_1.4.0/stm32cubeide/plugins/com.st.stm32cube.ide.mcu.externaltools.gnu-tools-for-stm32.7-2018-q2-update.win32_1.4.0.202007081208/tools/bin/../lib/gcc/arm-none-eabi/7.3.1/../../../../arm-none-eabi/lib/thumb/v7-m\libc_nano.a(lib_a-init.o)
                              c:/st/stm32cubeide_1.4.0/stm32cubeide/plugins/com.st.stm32cube.ide.mcu.externaltools.gnu-tools-for-stm32.7-2018-q2-update.win32_1.4.0.202007081208/tools/bin/../lib/gcc/arm-none-eabi/7.3.1/../../../../arm-none-eabi/lib/thumb/v7-m/crt0.o (__libc_init_array)
c:/st/stm32cubeide_1.4.0/stm32cubeide/plugins/com.st.stm32cube.ide.mcu.externaltools.gnu-tools-for-stm32.7-2018-q2-update.win32_1.4.0.202007081208/tools/bin/../lib/gcc/arm-none-eabi/7.3.1/../../../../arm-none-eabi/lib/thumb/v7-m\libc_nano.a(lib_a-memset.o)
                              c:/st/stm32cubeide_1.4.0/stm32cubeide/plugins/com.st.stm32cube.ide.mcu.externaltools.gnu-tools-for-stm32.7-2018-q2-update.win32_1.4.0.202007081208/tools/bin/../lib/gcc/arm-none-eabi/7.3.1/../../../../arm-none-eabi/lib/thumb/v7-m/crt0.o (memset)

Allocating common symbols
Common symbol       size              file

G_I2C_Cfg           0x50              STM32F103X6_DRIVERS/Stm32F103C8_I2C_Driver.o
G_TIMERx            0x4               STM32F103X6_DRIVERS/Stm32_F103C6_TIMERS_driver.o
P_IRQ_CallBack_Fun  0x4               STM32F103X6_DRIVERS/Stm32_F103C6_TIMERS_driver.o
OverFlow_Number     0xc               STM32F103X6_DRIVERS/Stm32_F103C6_TIMERS_driver.o
GP_IRQ_CallBack     0x3c              STM32F103X6_DRIVERS/Stm32_F103C6_EXTI_driver.o

Discarded input sections

 .text          0x0000000000000000        0x0 c:/st/stm32cubeide_1.4.0/stm32cubeide/plugins/com.st.stm32cube.ide.mcu.externaltools.gnu-tools-for-stm32.7-2018-q2-update.win32_1.4.0.202007081208/tools/bin/../lib/gcc/arm-none-eabi/7.3.1/thumb/v7-m/crti.o
 .data          0x0000000000000000        0x0 c:/st/stm32cubeide_1.4.0/stm32cubeide/plugins/com.st.stm32cube.ide.mcu.externaltools.gnu-tools-for-stm32.7-2018-q2-update.win32_1.4.0.202007081208/tools/bin/../lib/gcc/arm-none-eabi/7.3.1/thumb/v7-m/crti.o
 .bss           0x0000000000000000        0x0 c:/st/stm32cubeide_1.4.0/stm32cubeide/plugins/com.st.stm32cube.ide.mcu.externaltools.gnu-tools-for-stm32.7-2018-q2-update.win32_1.4.0.202007081208/tools/bin/../lib/gcc/arm-none-eabi/7.3.1/thumb/v7-m/crti.o
 .data          0x0000000000000000        0x4 c:/st/stm32cubeide_1.4.0/stm32cubeide/plugins/com.st.stm32cube.ide.mcu.externaltools.gnu-tools-for-stm32.7-2018-q2-update.win32_1.4.0.202007081208/tools/bin/../lib/gcc/arm-none-eabi/7.3.1/thumb/v7-m/crtbegin.o
 .text          0x0000000000000000       0x74 c:/st/stm32cubeide_1.4.0/stm32cubeide/plugins/com.st.stm32cube.ide.mcu.externaltools.gnu-tools-for-stm32.7-2018-q2-update.win32_1.4.0.202007081208/tools/bin/../lib/gcc/arm-none-eabi/7.3.1/../../../../arm-none-eabi/lib/thumb/v7-m/crt0.o
 .data          0x0000000000000000        0x0 c:/st/stm32cubeide_1.4.0/stm32cubeide/plugins/com.st.stm32cube.ide.mcu.externaltools.gnu-tools-for-stm32.7-2018-q2-update.win32_1.4.0.202007081208/tools/bin/../lib/gcc/arm-none-eabi/7.3.1/../../../../arm-none-eabi/lib/thumb/v7-m/crt0.o
 .bss           0x0000000000000000        0x0 c:/st/stm32cubeide_1.4.0/stm32cubeide/plugins/com.st.stm32cube.ide.mcu.externaltools.gnu-tools-for-stm32.7-2018-q2-update.win32_1.4.0.202007081208/tools/bin/../lib/gcc/arm-none-eabi/7.3.1/../../../../arm-none-eabi/lib/thumb/v7-m/crt0.o
 .ARM.extab     0x0000000000000000        0x0 c:/st/stm32cubeide_1.4.0/stm32cubeide/plugins/com.st.stm32cube.ide.mcu.externaltools.gnu-tools-for-stm32.7-2018-q2-update.win32_1.4.0.202007081208/tools/bin/../lib/gcc/arm-none-eabi/7.3.1/../../../../arm-none-eabi/lib/thumb/v7-m/crt0.o
 .ARM.exidx     0x0000000000000000        0x8 c:/st/stm32cubeide_1.4.0/stm32cubeide/plugins/com.st.stm32cube.ide.mcu.externaltools.gnu-tools-for-stm32.7-2018-q2-update.win32_1.4.0.202007081208/tools/bin/../lib/gcc/arm-none-eabi/7.3.1/../../../../arm-none-eabi/lib/thumb/v7-m/crt0.o
 .ARM.attributes
                0x0000000000000000       0x1b c:/st/stm32cubeide_1.4.0/stm32cubeide/plugins/com.st.stm32cube.ide.mcu.externaltools.gnu-tools-for-stm32.7-2018-q2-update.win32_1.4.0.202007081208/tools/bin/../lib/gcc/arm-none-eabi/7.3.1/../../../../arm-none-eabi/lib/thumb/v7-m/crt0.o
 .group         0x0000000000000000        0xc HAL/I2C_Slave_EEPROM.o
 .group         0x0000000000000000        0xc HAL/I2C_Slave_EEPROM.o
 .group         0x0000000000000000        0xc HAL/I2C_Slave_EEPROM.o
 .group         0x0000000000000000        0xc HAL/I2C_Slave_EEPROM.o
 .group         0x0000000000000000        0xc HAL/I2C_Slave_EEPROM.o
 .group         0x0000000000000000        0xc HAL/I2C_Slave_EEPROM.o
 .group         0x0000000000000000        0xc HAL/I2C_Slave_EEPROM.o
 .group         0x0000000000000000        0xc HAL/I2C_Slave_EEPROM.o
 .group         0x0000000000000000        0xc HAL/I2C_Slave_EEPROM.o
 .group         0x0000000000000000        0xc HAL/I2C_Slave_EEPROM.o
 .group         0x0000000000000000        0xc HAL/I2C_Slave_EEPROM.o
 .group         0x0000000000000000        0xc HAL/I2C_Slave_EEPROM.o
 .text          0x0000000000000000        0x0 HAL/I2C_Slave_EEPROM.o
 .data          0x0000000000000000        0x0 HAL/I2C_Slave_EEPROM.o
 .bss           0x0000000000000000        0x0 HAL/I2C_Slave_EEPROM.o
 .group         0x0000000000000000        0xc STM32F103X6_DRIVERS/Stm32F103C8_I2C_Driver.o
 .group         0x0000000000000000        0xc STM32F103X6_DRIVERS/Stm32F103C8_I2C_Driver.o
 .group         0x0000000000000000        0xc STM32F103X6_DRIVERS/Stm32F103C8_I2C_Driver.o
 .group         0x0000000000000000        0xc STM32F103X6_DRIVERS/Stm32F103C8_I2C_Driver.o
 .group         0x0000000000000000        0xc STM32F103X6_DRIVERS/Stm32F103C8_I2C_Driver.o
 .group         0x0000000000000000        0xc STM32F103X6_DRIVERS/Stm32F103C8_I2C_Driver.o
 .group         0x0000000000000000        0xc STM32F103X6_DRIVERS/Stm32F103C8_I2C_Driver.o
 .group         0x0000000000000000        0xc STM32F103X6_DRIVERS/Stm32F103C8_I2C_Driver.o
 .group         0x0000000000000000        0xc STM32F103X6_DRIVERS/Stm32F103C8_I2C_Driver.o
 .group         0x0000000000000000        0xc STM32F103X6_DRIVERS/Stm32F103C8_I2C_Driver.o
 .group         0x0000000000000000        0xc STM32F103X6_DRIVERS/Stm32F103C8_I2C_Driver.o
 .group         0x0000000000000000        0xc STM32F103X6_DRIVERS/Stm32F103C8_I2C_Driver.o
 .text          0x0000000000000000        0x0 STM32F103X6_DRIVERS/Stm32F103C8_I2C_Driver.o
 .data          0x0000000000000000        0x0 STM32F103X6_DRIVERS/Stm32F103C8_I2C_Driver.o
 .bss           0x0000000000000000        0x0 STM32F103X6_DRIVERS/Stm32F103C8_I2C_Driver.o
 .text.MCAL_I2C_DeInit
                0x0000000000000000       0x80 STM32F103X6_DRIVERS/Stm32F103C8_I2C_Driver.o
 .text.MCAL_I2C_Slave_Tx
                0x0000000000000000       0x1e STM32F103X6_DRIVERS/Stm32F103C8_I2C_Driver.o
 .text.MCAL_I2C_Slave_Rx
                0x0000000000000000       0x1e STM32F103X6_DRIVERS/Stm32F103C8_I2C_Driver.o
 .debug_macro   0x0000000000000000      0xa60 STM32F103X6_DRIVERS/Stm32F103C8_I2C_Driver.o
 .debug_macro   0x0000000000000000       0x22 STM32F103X6_DRIVERS/Stm32F103C8_I2C_Driver.o
 .debug_macro   0x0000000000000000       0x8e STM32F103X6_DRIVERS/Stm32F103C8_I2C_Driver.o
 .debug_macro   0x0000000000000000       0x51 STM32F103X6_DRIVERS/Stm32F103C8_I2C_Driver.o
 .debug_macro   0x0000000000000000       0xef STM32F103X6_DRIVERS/Stm32F103C8_I2C_Driver.o
 .debug_macro   0x0000000000000000       0x6a STM32F103X6_DRIVERS/Stm32F103C8_I2C_Driver.o
 .debug_macro   0x0000000000000000      0x1df STM32F103X6_DRIVERS/Stm32F103C8_I2C_Driver.o
 .debug_macro   0x0000000000000000      0x7b7 STM32F103X6_DRIVERS/Stm32F103C8_I2C_Driver.o
 .debug_macro   0x0000000000000000       0xd6 STM32F103X6_DRIVERS/Stm32F103C8_I2C_Driver.o
 .debug_macro   0x0000000000000000      0x229 STM32F103X6_DRIVERS/Stm32F103C8_I2C_Driver.o
 .debug_macro   0x0000000000000000       0x16 STM32F103X6_DRIVERS/Stm32F103C8_I2C_Driver.o
 .debug_macro   0x0000000000000000       0x89 STM32F103X6_DRIVERS/Stm32F103C8_I2C_Driver.o
 .group         0x0000000000000000        0xc STM32F103X6_DRIVERS/Stm32_F103C6_EXTI_driver.o
 .group         0x0000000000000000        0xc STM32F103X6_DRIVERS/Stm32_F103C6_EXTI_driver.o
 .group         0x0000000000000000        0xc STM32F103X6_DRIVERS/Stm32_F103C6_EXTI_driver.o
 .group         0x0000000000000000        0xc STM32F103X6_DRIVERS/Stm32_F103C6_EXTI_driver.o
 .group         0x0000000000000000        0xc STM32F103X6_DRIVERS/Stm32_F103C6_EXTI_driver.o
 .group         0x0000000000000000        0xc STM32F103X6_DRIVERS/Stm32_F103C6_EXTI_driver.o
 .group         0x0000000000000000        0xc STM32F103X6_DRIVERS/Stm32_F103C6_EXTI_driver.o
 .group         0x0000000000000000        0xc STM32F103X6_DRIVERS/Stm32_F103C6_EXTI_driver.o
 .group         0x0000000000000000        0xc STM32F103X6_DRIVERS/Stm32_F103C6_EXTI_driver.o
 .group         0x0000000000000000        0xc STM32F103X6_DRIVERS/Stm32_F103C6_EXTI_driver.o
 .text          0x0000000000000000        0x0 STM32F103X6_DRIVERS/Stm32_F103C6_EXTI_driver.o
 .data          0x0000000000000000        0x0 STM32F103X6_DRIVERS/Stm32_F103C6_EXTI_driver.o
 .bss           0x0000000000000000        0x0 STM32F103X6_DRIVERS/Stm32_F103C6_EXTI_driver.o
 .text.Enable_NVIC
                0x0000000000000000       0xcc STM32F103X6_DRIVERS/Stm32_F103C6_EXTI_driver.o
 .text.Disable_NVIC
                0x0000000000000000       0xcc STM32F103X6_DRIVERS/Stm32_F103C6_EXTI_driver.o
 .text.Update_EXTI
                0x0000000000000000      0x1dc STM32F103X6_DRIVERS/Stm32_F103C6_EXTI_driver.o
 .text.MCAL_EXTI_GPIO_DeInit
                0x0000000000000000       0x94 STM32F103X6_DRIVERS/Stm32_F103C6_EXTI_driver.o
 .text.MCAL_EXTI_GPIO_Init
                0x0000000000000000       0x16 STM32F103X6_DRIVERS/Stm32_F103C6_EXTI_driver.o
 .text.MCAL_EXTI_GPIO_Update
                0x0000000000000000       0x16 STM32F103X6_DRIVERS/Stm32_F103C6_EXTI_driver.o
 .debug_macro   0x0000000000000000      0xa60 STM32F103X6_DRIVERS/Stm32_F103C6_EXTI_driver.o
 .debug_macro   0x0000000000000000       0x22 STM32F103X6_DRIVERS/Stm32_F103C6_EXTI_driver.o
 .debug_macro   0x0000000000000000       0x8e STM32F103X6_DRIVERS/Stm32_F103C6_EXTI_driver.o
 .debug_macro   0x0000000000000000       0x51 STM32F103X6_DRIVERS/Stm32_F103C6_EXTI_driver.o
 .debug_macro   0x0000000000000000       0xef STM32F103X6_DRIVERS/Stm32_F103C6_EXTI_driver.o
 .debug_macro   0x0000000000000000       0x6a STM32F103X6_DRIVERS/Stm32_F103C6_EXTI_driver.o
 .debug_macro   0x0000000000000000      0x1df STM32F103X6_DRIVERS/Stm32_F103C6_EXTI_driver.o
 .debug_macro   0x0000000000000000      0x7b7 STM32F103X6_DRIVERS/Stm32_F103C6_EXTI_driver.o
 .debug_macro   0x0000000000000000       0xd6 STM32F103X6_DRIVERS/Stm32_F103C6_EXTI_driver.o
 .group         0x0000000000000000        0xc STM32F103X6_DRIVERS/Stm32_F103C6_RCC_driver.o
 .group         0x0000000000000000        0xc STM32F103X6_DRIVERS/Stm32_F103C6_RCC_driver.o
 .group         0x0000000000000000        0xc STM32F103X6_DRIVERS/Stm32_F103C6_RCC_driver.o
 .group         0x0000000000000000        0xc STM32F103X6_DRIVERS/Stm32_F103C6_RCC_driver.o
 .group         0x0000000000000000        0xc STM32F103X6_DRIVERS/Stm32_F103C6_RCC_driver.o
 .group         0x0000000000000000        0xc STM32F103X6_DRIVERS/Stm32_F103C6_RCC_driver.o
 .group         0x0000000000000000        0xc STM32F103X6_DRIVERS/Stm32_F103C6_RCC_driver.o
 .group         0x0000000000000000        0xc STM32F103X6_DRIVERS/Stm32_F103C6_RCC_driver.o
 .group         0x0000000000000000        0xc STM32F103X6_DRIVERS/Stm32_F103C6_RCC_driver.o
 .text          0x0000000000000000        0x0 STM32F103X6_DRIVERS/Stm32_F103C6_RCC_driver.o
 .data          0x0000000000000000        0x0 STM32F103X6_DRIVERS/Stm32_F103C6_RCC_driver.o
 .bss           0x0000000000000000        0x0 STM32F103X6_DRIVERS/Stm32_F103C6_RCC_driver.o
 .rodata.AHBPrescTable
                0x0000000000000000       0x10 STM32F103X6_DRIVERS/Stm32_F103C6_RCC_driver.o
 .text.MCAL_RCC_GET_HCLK_Freq
                0x0000000000000000       0x28 STM32F103X6_DRIVERS/Stm32_F103C6_RCC_driver.o
 .text.MCAL_RCC_GET_PCLK2_Freq
                0x0000000000000000       0x28 STM32F103X6_DRIVERS/Stm32_F103C6_RCC_driver.o
 .debug_macro   0x0000000000000000      0xa60 STM32F103X6_DRIVERS/Stm32_F103C6_RCC_driver.o
 .debug_macro   0x0000000000000000       0x22 STM32F103X6_DRIVERS/Stm32_F103C6_RCC_driver.o
 .debug_macro   0x0000000000000000       0x8e STM32F103X6_DRIVERS/Stm32_F103C6_RCC_driver.o
 .debug_macro   0x0000000000000000       0x51 STM32F103X6_DRIVERS/Stm32_F103C6_RCC_driver.o
 .debug_macro   0x0000000000000000       0xef STM32F103X6_DRIVERS/Stm32_F103C6_RCC_driver.o
 .debug_macro   0x0000000000000000       0x6a STM32F103X6_DRIVERS/Stm32_F103C6_RCC_driver.o
 .debug_macro   0x0000000000000000      0x1df STM32F103X6_DRIVERS/Stm32_F103C6_RCC_driver.o
 .group         0x0000000000000000        0xc STM32F103X6_DRIVERS/Stm32_F103C6_TIMERS_driver.o
 .group         0x0000000000000000        0xc STM32F103X6_DRIVERS/Stm32_F103C6_TIMERS_driver.o
 .group         0x0000000000000000        0xc STM32F103X6_DRIVERS/Stm32_F103C6_TIMERS_driver.o
 .group         0x0000000000000000        0xc STM32F103X6_DRIVERS/Stm32_F103C6_TIMERS_driver.o
 .group         0x0000000000000000        0xc STM32F103X6_DRIVERS/Stm32_F103C6_TIMERS_driver.o
 .group         0x0000000000000000        0xc STM32F103X6_DRIVERS/Stm32_F103C6_TIMERS_driver.o
 .group         0x0000000000000000        0xc STM32F103X6_DRIVERS/Stm32_F103C6_TIMERS_driver.o
 .group         0x0000000000000000        0xc STM32F103X6_DRIVERS/Stm32_F103C6_TIMERS_driver.o
 .group         0x0000000000000000        0xc STM32F103X6_DRIVERS/Stm32_F103C6_TIMERS_driver.o
 .group         0x0000000000000000        0xc STM32F103X6_DRIVERS/Stm32_F103C6_TIMERS_driver.o
 .text          0x0000000000000000        0x0 STM32F103X6_DRIVERS/Stm32_F103C6_TIMERS_driver.o
 .data          0x0000000000000000        0x0 STM32F103X6_DRIVERS/Stm32_F103C6_TIMERS_driver.o
 .bss           0x0000000000000000        0x0 STM32F103X6_DRIVERS/Stm32_F103C6_TIMERS_driver.o
 .bss.Delay_Flag
                0x0000000000000000        0x1 STM32F103X6_DRIVERS/Stm32_F103C6_TIMERS_driver.o
 .text.TIMER_Enable
                0x0000000000000000       0x9c STM32F103X6_DRIVERS/Stm32_F103C6_TIMERS_driver.o
 .text.IRQ_Delay
                0x0000000000000000       0x2c STM32F103X6_DRIVERS/Stm32_F103C6_TIMERS_driver.o
 .text.IRQ_Count_Time
                0x0000000000000000       0x6c STM32F103X6_DRIVERS/Stm32_F103C6_TIMERS_driver.o
 .text.MCAL_TIMER_Delay
                0x0000000000000000      0x100 STM32F103X6_DRIVERS/Stm32_F103C6_TIMERS_driver.o
 .text.MCAL_TIMER_Start_Calculate_Time
                0x0000000000000000       0x40 STM32F103X6_DRIVERS/Stm32_F103C6_TIMERS_driver.o
 .text.MCAL_TIMER_Get_Time
                0x0000000000000000       0x94 STM32F103X6_DRIVERS/Stm32_F103C6_TIMERS_driver.o
 .debug_macro   0x0000000000000000      0xa60 STM32F103X6_DRIVERS/Stm32_F103C6_TIMERS_driver.o
 .debug_macro   0x0000000000000000       0x22 STM32F103X6_DRIVERS/Stm32_F103C6_TIMERS_driver.o
 .debug_macro   0x0000000000000000       0x8e STM32F103X6_DRIVERS/Stm32_F103C6_TIMERS_driver.o
 .debug_macro   0x0000000000000000       0x51 STM32F103X6_DRIVERS/Stm32_F103C6_TIMERS_driver.o
 .debug_macro   0x0000000000000000       0xef STM32F103X6_DRIVERS/Stm32_F103C6_TIMERS_driver.o
 .debug_macro   0x0000000000000000       0x6a STM32F103X6_DRIVERS/Stm32_F103C6_TIMERS_driver.o
 .debug_macro   0x0000000000000000      0x1df STM32F103X6_DRIVERS/Stm32_F103C6_TIMERS_driver.o
 .debug_macro   0x0000000000000000      0x7bd STM32F103X6_DRIVERS/Stm32_F103C6_TIMERS_driver.o
 .debug_macro   0x0000000000000000       0x16 STM32F103X6_DRIVERS/Stm32_F103C6_TIMERS_driver.o
 .group         0x0000000000000000        0xc STM32F103X6_DRIVERS/Stm32_F103C6_gpio_driver.o
 .group         0x0000000000000000        0xc STM32F103X6_DRIVERS/Stm32_F103C6_gpio_driver.o
 .group         0x0000000000000000        0xc STM32F103X6_DRIVERS/Stm32_F103C6_gpio_driver.o
 .group         0x0000000000000000        0xc STM32F103X6_DRIVERS/Stm32_F103C6_gpio_driver.o
 .group         0x0000000000000000        0xc STM32F103X6_DRIVERS/Stm32_F103C6_gpio_driver.o
 .group         0x0000000000000000        0xc STM32F103X6_DRIVERS/Stm32_F103C6_gpio_driver.o
 .group         0x0000000000000000        0xc STM32F103X6_DRIVERS/Stm32_F103C6_gpio_driver.o
 .group         0x0000000000000000        0xc STM32F103X6_DRIVERS/Stm32_F103C6_gpio_driver.o
 .group         0x0000000000000000        0xc STM32F103X6_DRIVERS/Stm32_F103C6_gpio_driver.o
 .text          0x0000000000000000        0x0 STM32F103X6_DRIVERS/Stm32_F103C6_gpio_driver.o
 .data          0x0000000000000000        0x0 STM32F103X6_DRIVERS/Stm32_F103C6_gpio_driver.o
 .bss           0x0000000000000000        0x0 STM32F103X6_DRIVERS/Stm32_F103C6_gpio_driver.o
 .text.MCAL_GPIO_DeInit
                0x0000000000000000       0xd4 STM32F103X6_DRIVERS/Stm32_F103C6_gpio_driver.o
 .text.MCAL_GPIO_ReadPin
                0x0000000000000000       0x34 STM32F103X6_DRIVERS/Stm32_F103C6_gpio_driver.o
 .text.MCAL_GPIO_ReadPort
                0x0000000000000000       0x1a STM32F103X6_DRIVERS/Stm32_F103C6_gpio_driver.o
 .text.MCAL_GPIO_WritePin
                0x0000000000000000       0x48 STM32F103X6_DRIVERS/Stm32_F103C6_gpio_driver.o
 .text.MCAL_GPIO_WritePort
                0x0000000000000000       0x1c STM32F103X6_DRIVERS/Stm32_F103C6_gpio_driver.o
 .text.MCAL_GPIO_TogglePin
                0x0000000000000000       0x28 STM32F103X6_DRIVERS/Stm32_F103C6_gpio_driver.o
 .text.MCAL_GPIO_LockPin
                0x0000000000000000       0x5e STM32F103X6_DRIVERS/Stm32_F103C6_gpio_driver.o
 .debug_macro   0x0000000000000000      0xa60 STM32F103X6_DRIVERS/Stm32_F103C6_gpio_driver.o
 .debug_macro   0x0000000000000000       0x22 STM32F103X6_DRIVERS/Stm32_F103C6_gpio_driver.o
 .debug_macro   0x0000000000000000       0x8e STM32F103X6_DRIVERS/Stm32_F103C6_gpio_driver.o
 .debug_macro   0x0000000000000000       0x51 STM32F103X6_DRIVERS/Stm32_F103C6_gpio_driver.o
 .debug_macro   0x0000000000000000       0xef STM32F103X6_DRIVERS/Stm32_F103C6_gpio_driver.o
 .debug_macro   0x0000000000000000       0x6a STM32F103X6_DRIVERS/Stm32_F103C6_gpio_driver.o
 .debug_macro   0x0000000000000000      0x1df STM32F103X6_DRIVERS/Stm32_F103C6_gpio_driver.o
 .debug_macro   0x0000000000000000      0x7b7 STM32F103X6_DRIVERS/Stm32_F103C6_gpio_driver.o
 .group         0x0000000000000000        0xc Src/main.o
 .group         0x0000000000000000        0xc Src/main.o
 .group         0x0000000000000000        0xc Src/main.o
 .group         0x0000000000000000        0xc Src/main.o
 .group         0x0000000000000000        0xc Src/main.o
 .group         0x0000000000000000        0xc Src/main.o
 .group         0x0000000000000000        0xc Src/main.o
 .group         0x0000000000000000        0xc Src/main.o
 .group         0x0000000000000000        0xc Src/main.o
 .group         0x0000000000000000        0xc Src/main.o
 .group         0x0000000000000000        0xc Src/main.o
 .group         0x0000000000000000        0xc Src/main.o
 .group         0x0000000000000000        0xc Src/main.o
 .text          0x0000000000000000        0x0 Src/main.o
 .data          0x0000000000000000        0x0 Src/main.o
 .bss           0x0000000000000000        0x0 Src/main.o
 .debug_macro   0x0000000000000000      0xa60 Src/main.o
 .debug_macro   0x0000000000000000       0x22 Src/main.o
 .debug_macro   0x0000000000000000       0x8e Src/main.o
 .debug_macro   0x0000000000000000       0x51 Src/main.o
 .debug_macro   0x0000000000000000       0xef Src/main.o
 .debug_macro   0x0000000000000000       0x6a Src/main.o
 .debug_macro   0x0000000000000000      0x1df Src/main.o
 .debug_macro   0x0000000000000000      0x7b7 Src/main.o
 .debug_macro   0x0000000000000000       0xd6 Src/main.o
 .debug_macro   0x0000000000000000      0x229 Src/main.o
 .debug_macro   0x0000000000000000       0x16 Src/main.o
 .debug_macro   0x0000000000000000       0x89 Src/main.o
 .group         0x0000000000000000        0xc Src/syscalls.o
 .group         0x0000000000000000        0xc Src/syscalls.o
 .group         0x0000000000000000        0xc Src/syscalls.o
 .group         0x0000000000000000        0xc Src/syscalls.o
 .group         0x0000000000000000        0xc Src/syscalls.o
 .group         0x0000000000000000        0xc Src/syscalls.o
 .group         0x0000000000000000        0xc Src/syscalls.o
 .group         0x0000000000000000        0xc Src/syscalls.o
 .group         0x0000000000000000        0xc Src/syscalls.o
 .group         0x0000000000000000        0xc Src/syscalls.o
 .group         0x0000000000000000        0xc Src/syscalls.o
 .group         0x0000000000000000        0xc Src/syscalls.o
 .group         0x0000000000000000        0xc Src/syscalls.o
 .group         0x0000000000000000        0xc Src/syscalls.o
 .group         0x0000000000000000        0xc Src/syscalls.o
 .group         0x0000000000000000        0xc Src/syscalls.o
 .group         0x0000000000000000        0xc Src/syscalls.o
 .group         0x0000000000000000        0xc Src/syscalls.o
 .group         0x0000000000000000        0xc Src/syscalls.o
 .group         0x0000000000000000        0xc Src/syscalls.o
 .group         0x0000000000000000        0xc Src/syscalls.o
 .group         0x0000000000000000        0xc Src/syscalls.o
 .group         0x0000000000000000        0xc Src/syscalls.o
 .group         0x0000000000000000        0xc Src/syscalls.o
 .group         0x0000000000000000        0xc Src/syscalls.o
 .group         0x0000000000000000        0xc Src/syscalls.o
 .group         0x0000000000000000        0xc Src/syscalls.o
 .group         0x0000000000000000        0xc Src/syscalls.o
 .group         0x0000000000000000        0xc Src/syscalls.o
 .group         0x0000000000000000        0xc Src/syscalls.o
 .group         0x0000000000000000        0xc Src/syscalls.o
 .group         0x0000000000000000        0xc Src/syscalls.o
 .group         0x0000000000000000        0xc Src/syscalls.o
 .group         0x0000000000000000        0xc Src/syscalls.o
 .group         0x0000000000000000        0xc Src/syscalls.o
 .group         0x0000000000000000        0xc Src/syscalls.o
 .group         0x0000000000000000        0xc Src/syscalls.o
 .group         0x0000000000000000        0xc Src/syscalls.o
 .group         0x0000000000000000        0xc Src/syscalls.o
 .group         0x0000000000000000        0xc Src/syscalls.o
 .group         0x0000000000000000        0xc Src/syscalls.o
 .group         0x0000000000000000        0xc Src/syscalls.o
 .group         0x0000000000000000        0xc Src/syscalls.o
 .group         0x0000000000000000        0xc Src/syscalls.o
 .text          0x0000000000000000        0x0 Src/syscalls.o
 .data          0x0000000000000000        0x0 Src/syscalls.o
 .bss           0x0000000000000000        0x0 Src/syscalls.o
 .bss.__env     0x0000000000000000        0x4 Src/syscalls.o
 .data.environ  0x0000000000000000        0x4 Src/syscalls.o
 .text.initialise_monitor_handles
                0x0000000000000000        0xc Src/syscalls.o
 .text._getpid  0x0000000000000000        0xe Src/syscalls.o
 .text._kill    0x0000000000000000       0x20 Src/syscalls.o
 .text._exit    0x0000000000000000       0x14 Src/syscalls.o
 .text._read    0x0000000000000000       0x3a Src/syscalls.o
 .text._write   0x0000000000000000       0x38 Src/syscalls.o
 .text._close   0x0000000000000000       0x16 Src/syscalls.o
 .text._fstat   0x0000000000000000       0x1e Src/syscalls.o
 .text._isatty  0x0000000000000000       0x14 Src/syscalls.o
 .text._lseek   0x0000000000000000       0x18 Src/syscalls.o
 .text._open    0x0000000000000000       0x1a Src/syscalls.o
 .text._wait    0x0000000000000000       0x1e Src/syscalls.o
 .text._unlink  0x0000000000000000       0x1e Src/syscalls.o
 .text._times   0x0000000000000000       0x16 Src/syscalls.o
 .text._stat    0x0000000000000000       0x1e Src/syscalls.o
 .text._link    0x0000000000000000       0x20 Src/syscalls.o
 .text._fork    0x0000000000000000       0x16 Src/syscalls.o
 .text._execve  0x0000000000000000       0x22 Src/syscalls.o
 .debug_info    0x0000000000000000      0xebd Src/syscalls.o
 .debug_abbrev  0x0000000000000000      0x261 Src/syscalls.o
 .debug_aranges
                0x0000000000000000       0xa8 Src/syscalls.o
 .debug_ranges  0x0000000000000000       0x98 Src/syscalls.o
 .debug_macro   0x0000000000000000      0x243 Src/syscalls.o
 .debug_macro   0x0000000000000000      0xa60 Src/syscalls.o
 .debug_macro   0x0000000000000000       0x22 Src/syscalls.o
 .debug_macro   0x0000000000000000       0x40 Src/syscalls.o
 .debug_macro   0x0000000000000000       0x18 Src/syscalls.o
 .debug_macro   0x0000000000000000       0x94 Src/syscalls.o
 .debug_macro   0x0000000000000000       0x3c Src/syscalls.o
 .debug_macro   0x0000000000000000       0x34 Src/syscalls.o
 .debug_macro   0x0000000000000000       0x57 Src/syscalls.o
 .debug_macro   0x0000000000000000      0x174 Src/syscalls.o
 .debug_macro   0x0000000000000000      0x330 Src/syscalls.o
 .debug_macro   0x0000000000000000       0x52 Src/syscalls.o
 .debug_macro   0x0000000000000000       0x1f Src/syscalls.o
 .debug_macro   0x0000000000000000       0x43 Src/syscalls.o
 .debug_macro   0x0000000000000000       0x20 Src/syscalls.o
 .debug_macro   0x0000000000000000      0x1a3 Src/syscalls.o
 .debug_macro   0x0000000000000000       0x10 Src/syscalls.o
 .debug_macro   0x0000000000000000       0x35 Src/syscalls.o
 .debug_macro   0x0000000000000000       0x10 Src/syscalls.o
 .debug_macro   0x0000000000000000       0x10 Src/syscalls.o
 .debug_macro   0x0000000000000000       0x10 Src/syscalls.o
 .debug_macro   0x0000000000000000       0x6a Src/syscalls.o
 .debug_macro   0x0000000000000000       0x1c Src/syscalls.o
 .debug_macro   0x0000000000000000       0x52 Src/syscalls.o
 .debug_macro   0x0000000000000000       0x40 Src/syscalls.o
 .debug_macro   0x0000000000000000       0x10 Src/syscalls.o
 .debug_macro   0x0000000000000000       0x40 Src/syscalls.o
 .debug_macro   0x0000000000000000       0xd7 Src/syscalls.o
 .debug_macro   0x0000000000000000       0x1c Src/syscalls.o
 .debug_macro   0x0000000000000000       0x3d Src/syscalls.o
 .debug_macro   0x0000000000000000       0x35 Src/syscalls.o
 .debug_macro   0x0000000000000000      0x122 Src/syscalls.o
 .debug_macro   0x0000000000000000       0x16 Src/syscalls.o
 .debug_macro   0x0000000000000000       0x16 Src/syscalls.o
 .debug_macro   0x0000000000000000       0x29 Src/syscalls.o
 .debug_macro   0x0000000000000000       0x10 Src/syscalls.o
 .debug_macro   0x0000000000000000      0x241 Src/syscalls.o
 .debug_macro   0x0000000000000000       0x1c Src/syscalls.o
 .debug_macro   0x0000000000000000       0x10 Src/syscalls.o
 .debug_macro   0x0000000000000000       0x10 Src/syscalls.o
 .debug_macro   0x0000000000000000       0x16 Src/syscalls.o
 .debug_macro   0x0000000000000000      0x145 Src/syscalls.o
 .debug_macro   0x0000000000000000      0x189 Src/syscalls.o
 .debug_macro   0x0000000000000000       0x16 Src/syscalls.o
 .debug_macro   0x0000000000000000       0x88 Src/syscalls.o
 .debug_line    0x0000000000000000      0x739 Src/syscalls.o
 .debug_str     0x0000000000000000     0x8869 Src/syscalls.o
 .comment       0x0000000000000000       0x7c Src/syscalls.o
 .debug_frame   0x0000000000000000      0x2ac Src/syscalls.o
 .ARM.attributes
                0x0000000000000000       0x33 Src/syscalls.o
 .group         0x0000000000000000        0xc Src/sysmem.o
 .group         0x0000000000000000        0xc Src/sysmem.o
 .group         0x0000000000000000        0xc Src/sysmem.o
 .group         0x0000000000000000        0xc Src/sysmem.o
 .group         0x0000000000000000        0xc Src/sysmem.o
 .group         0x0000000000000000        0xc Src/sysmem.o
 .group         0x0000000000000000        0xc Src/sysmem.o
 .group         0x0000000000000000        0xc Src/sysmem.o
 .group         0x0000000000000000        0xc Src/sysmem.o
 .group         0x0000000000000000        0xc Src/sysmem.o
 .group         0x0000000000000000        0xc Src/sysmem.o
 .group         0x0000000000000000        0xc Src/sysmem.o
 .group         0x0000000000000000        0xc Src/sysmem.o
 .group         0x0000000000000000        0xc Src/sysmem.o
 .group         0x0000000000000000        0xc Src/sysmem.o
 .group         0x0000000000000000        0xc Src/sysmem.o
 .group         0x0000000000000000        0xc Src/sysmem.o
 .group         0x0000000000000000        0xc Src/sysmem.o
 .group         0x0000000000000000        0xc Src/sysmem.o
 .text          0x0000000000000000        0x0 Src/sysmem.o
 .data          0x0000000000000000        0x0 Src/sysmem.o
 .bss           0x0000000000000000        0x0 Src/sysmem.o
 .bss.__sbrk_heap_end
                0x0000000000000000        0x4 Src/sysmem.o
 .text._sbrk    0x0000000000000000       0x6c Src/sysmem.o
 .debug_info    0x0000000000000000      0x985 Src/sysmem.o
 .debug_abbrev  0x0000000000000000      0x19b Src/sysmem.o
 .debug_aranges
                0x0000000000000000       0x20 Src/sysmem.o
 .debug_ranges  0x0000000000000000       0x10 Src/sysmem.o
 .debug_macro   0x0000000000000000       0xee Src/sysmem.o
 .debug_macro   0x0000000000000000      0xa60 Src/sysmem.o
 .debug_macro   0x0000000000000000       0x10 Src/sysmem.o
 .debug_macro   0x0000000000000000       0x22 Src/sysmem.o
 .debug_macro   0x0000000000000000       0x40 Src/sysmem.o
 .debug_macro   0x0000000000000000       0x18 Src/sysmem.o
 .debug_macro   0x0000000000000000       0x94 Src/sysmem.o
 .debug_macro   0x0000000000000000       0x3c Src/sysmem.o
 .debug_macro   0x0000000000000000       0x34 Src/sysmem.o
 .debug_macro   0x0000000000000000      0x174 Src/sysmem.o
 .debug_macro   0x0000000000000000       0x57 Src/sysmem.o
 .debug_macro   0x0000000000000000       0x52 Src/sysmem.o
 .debug_macro   0x0000000000000000       0x1f Src/sysmem.o
 .debug_macro   0x0000000000000000       0x43 Src/sysmem.o
 .debug_macro   0x0000000000000000       0x20 Src/sysmem.o
 .debug_macro   0x0000000000000000      0x1a3 Src/sysmem.o
 .debug_macro   0x0000000000000000      0x23b Src/sysmem.o
 .debug_macro   0x0000000000000000       0xef Src/sysmem.o
 .debug_macro   0x0000000000000000       0x6a Src/sysmem.o
 .debug_macro   0x0000000000000000      0x1df Src/sysmem.o
 .debug_line    0x0000000000000000      0x4c2 Src/sysmem.o
 .debug_str     0x0000000000000000     0x5f37 Src/sysmem.o
 .comment       0x0000000000000000       0x7c Src/sysmem.o
 .debug_frame   0x0000000000000000       0x34 Src/sysmem.o
 .ARM.attributes
                0x0000000000000000       0x33 Src/sysmem.o
 .text          0x0000000000000000       0x14 Startup/startup_stm32f103c8tx.o
 .data          0x0000000000000000        0x0 Startup/startup_stm32f103c8tx.o
 .bss           0x0000000000000000        0x0 Startup/startup_stm32f103c8tx.o
 .text          0x0000000000000000        0x0 c:/st/stm32cubeide_1.4.0/stm32cubeide/plugins/com.st.stm32cube.ide.mcu.externaltools.gnu-tools-for-stm32.7-2018-q2-update.win32_1.4.0.202007081208/tools/bin/../lib/gcc/arm-none-eabi/7.3.1/../../../../arm-none-eabi/lib/thumb/v7-m\libc_nano.a(lib_a-errno.o)
 .data          0x0000000000000000        0x0 c:/st/stm32cubeide_1.4.0/stm32cubeide/plugins/com.st.stm32cube.ide.mcu.externaltools.gnu-tools-for-stm32.7-2018-q2-update.win32_1.4.0.202007081208/tools/bin/../lib/gcc/arm-none-eabi/7.3.1/../../../../arm-none-eabi/lib/thumb/v7-m\libc_nano.a(lib_a-errno.o)
 .bss           0x0000000000000000        0x0 c:/st/stm32cubeide_1.4.0/stm32cubeide/plugins/com.st.stm32cube.ide.mcu.externaltools.gnu-tools-for-stm32.7-2018-q2-update.win32_1.4.0.202007081208/tools/bin/../lib/gcc/arm-none-eabi/7.3.1/../../../../arm-none-eabi/lib/thumb/v7-m\libc_nano.a(lib_a-errno.o)
 .text.__errno  0x0000000000000000        0xc c:/st/stm32cubeide_1.4.0/stm32cubeide/plugins/com.st.stm32cube.ide.mcu.externaltools.gnu-tools-for-stm32.7-2018-q2-update.win32_1.4.0.202007081208/tools/bin/../lib/gcc/arm-none-eabi/7.3.1/../../../../arm-none-eabi/lib/thumb/v7-m\libc_nano.a(lib_a-errno.o)
 .debug_frame   0x0000000000000000       0x20 c:/st/stm32cubeide_1.4.0/stm32cubeide/plugins/com.st.stm32cube.ide.mcu.externaltools.gnu-tools-for-stm32.7-2018-q2-update.win32_1.4.0.202007081208/tools/bin/../lib/gcc/arm-none-eabi/7.3.1/../../../../arm-none-eabi/lib/thumb/v7-m\libc_nano.a(lib_a-errno.o)
 .ARM.attributes
                0x0000000000000000       0x2d c:/st/stm32cubeide_1.4.0/stm32cubeide/plugins/com.st.stm32cube.ide.mcu.externaltools.gnu-tools-for-stm32.7-2018-q2-update.win32_1.4.0.202007081208/tools/bin/../lib/gcc/arm-none-eabi/7.3.1/../../../../arm-none-eabi/lib/thumb/v7-m\libc_nano.a(lib_a-errno.o)
 .text          0x0000000000000000        0x0 c:/st/stm32cubeide_1.4.0/stm32cubeide/plugins/com.st.stm32cube.ide.mcu.externaltools.gnu-tools-for-stm32.7-2018-q2-update.win32_1.4.0.202007081208/tools/bin/../lib/gcc/arm-none-eabi/7.3.1/../../../../arm-none-eabi/lib/thumb/v7-m\libc_nano.a(lib_a-exit.o)
 .data          0x0000000000000000        0x0 c:/st/stm32cubeide_1.4.0/stm32cubeide/plugins/com.st.stm32cube.ide.mcu.externaltools.gnu-tools-for-stm32.7-2018-q2-update.win32_1.4.0.202007081208/tools/bin/../lib/gcc/arm-none-eabi/7.3.1/../../../../arm-none-eabi/lib/thumb/v7-m\libc_nano.a(lib_a-exit.o)
 .bss           0x0000000000000000        0x0 c:/st/stm32cubeide_1.4.0/stm32cubeide/plugins/com.st.stm32cube.ide.mcu.externaltools.gnu-tools-for-stm32.7-2018-q2-update.win32_1.4.0.202007081208/tools/bin/../lib/gcc/arm-none-eabi/7.3.1/../../../../arm-none-eabi/lib/thumb/v7-m\libc_nano.a(lib_a-exit.o)
 .text.exit     0x0000000000000000       0x28 c:/st/stm32cubeide_1.4.0/stm32cubeide/plugins/com.st.stm32cube.ide.mcu.externaltools.gnu-tools-for-stm32.7-2018-q2-update.win32_1.4.0.202007081208/tools/bin/../lib/gcc/arm-none-eabi/7.3.1/../../../../arm-none-eabi/lib/thumb/v7-m\libc_nano.a(lib_a-exit.o)
 .debug_frame   0x0000000000000000       0x28 c:/st/stm32cubeide_1.4.0/stm32cubeide/plugins/com.st.stm32cube.ide.mcu.externaltools.gnu-tools-for-stm32.7-2018-q2-update.win32_1.4.0.202007081208/tools/bin/../lib/gcc/arm-none-eabi/7.3.1/../../../../arm-none-eabi/lib/thumb/v7-m\libc_nano.a(lib_a-exit.o)
 .ARM.attributes
                0x0000000000000000       0x2d c:/st/stm32cubeide_1.4.0/stm32cubeide/plugins/com.st.stm32cube.ide.mcu.externaltools.gnu-tools-for-stm32.7-2018-q2-update.win32_1.4.0.202007081208/tools/bin/../lib/gcc/arm-none-eabi/7.3.1/../../../../arm-none-eabi/lib/thumb/v7-m\libc_nano.a(lib_a-exit.o)
 .text          0x0000000000000000        0x0 c:/st/stm32cubeide_1.4.0/stm32cubeide/plugins/com.st.stm32cube.ide.mcu.externaltools.gnu-tools-for-stm32.7-2018-q2-update.win32_1.4.0.202007081208/tools/bin/../lib/gcc/arm-none-eabi/7.3.1/../../../../arm-none-eabi/lib/thumb/v7-m\libc_nano.a(lib_a-impure.o)
 .data          0x0000000000000000        0x0 c:/st/stm32cubeide_1.4.0/stm32cubeide/plugins/com.st.stm32cube.ide.mcu.externaltools.gnu-tools-for-stm32.7-2018-q2-update.win32_1.4.0.202007081208/tools/bin/../lib/gcc/arm-none-eabi/7.3.1/../../../../arm-none-eabi/lib/thumb/v7-m\libc_nano.a(lib_a-impure.o)
 .bss           0x0000000000000000        0x0 c:/st/stm32cubeide_1.4.0/stm32cubeide/plugins/com.st.stm32cube.ide.mcu.externaltools.gnu-tools-for-stm32.7-2018-q2-update.win32_1.4.0.202007081208/tools/bin/../lib/gcc/arm-none-eabi/7.3.1/../../../../arm-none-eabi/lib/thumb/v7-m\libc_nano.a(lib_a-impure.o)
 .data._impure_ptr
                0x0000000000000000        0x4 c:/st/stm32cubeide_1.4.0/stm32cubeide/plugins/com.st.stm32cube.ide.mcu.externaltools.gnu-tools-for-stm32.7-2018-q2-update.win32_1.4.0.202007081208/tools/bin/../lib/gcc/arm-none-eabi/7.3.1/../../../../arm-none-eabi/lib/thumb/v7-m\libc_nano.a(lib_a-impure.o)
 .data.impure_data
                0x0000000000000000       0x60 c:/st/stm32cubeide_1.4.0/stm32cubeide/plugins/com.st.stm32cube.ide.mcu.externaltools.gnu-tools-for-stm32.7-2018-q2-update.win32_1.4.0.202007081208/tools/bin/../lib/gcc/arm-none-eabi/7.3.1/../../../../arm-none-eabi/lib/thumb/v7-m\libc_nano.a(lib_a-impure.o)
 .rodata._global_impure_ptr
                0x0000000000000000        0x4 c:/st/stm32cubeide_1.4.0/stm32cubeide/plugins/com.st.stm32cube.ide.mcu.externaltools.gnu-tools-for-stm32.7-2018-q2-update.win32_1.4.0.202007081208/tools/bin/../lib/gcc/arm-none-eabi/7.3.1/../../../../arm-none-eabi/lib/thumb/v7-m\libc_nano.a(lib_a-impure.o)
 .ARM.attributes
                0x0000000000000000       0x2d c:/st/stm32cubeide_1.4.0/stm32cubeide/plugins/com.st.stm32cube.ide.mcu.externaltools.gnu-tools-for-stm32.7-2018-q2-update.win32_1.4.0.202007081208/tools/bin/../lib/gcc/arm-none-eabi/7.3.1/../../../../arm-none-eabi/lib/thumb/v7-m\libc_nano.a(lib_a-impure.o)
 .text          0x0000000000000000        0x0 c:/st/stm32cubeide_1.4.0/stm32cubeide/plugins/com.st.stm32cube.ide.mcu.externaltools.gnu-tools-for-stm32.7-2018-q2-update.win32_1.4.0.202007081208/tools/bin/../lib/gcc/arm-none-eabi/7.3.1/../../../../arm-none-eabi/lib/thumb/v7-m\libc_nano.a(lib_a-init.o)
 .data          0x0000000000000000        0x0 c:/st/stm32cubeide_1.4.0/stm32cubeide/plugins/com.st.stm32cube.ide.mcu.externaltools.gnu-tools-for-stm32.7-2018-q2-update.win32_1.4.0.202007081208/tools/bin/../lib/gcc/arm-none-eabi/7.3.1/../../../../arm-none-eabi/lib/thumb/v7-m\libc_nano.a(lib_a-init.o)
 .bss           0x0000000000000000        0x0 c:/st/stm32cubeide_1.4.0/stm32cubeide/plugins/com.st.stm32cube.ide.mcu.externaltools.gnu-tools-for-stm32.7-2018-q2-update.win32_1.4.0.202007081208/tools/bin/../lib/gcc/arm-none-eabi/7.3.1/../../../../arm-none-eabi/lib/thumb/v7-m\libc_nano.a(lib_a-init.o)
 .text          0x0000000000000000        0x0 c:/st/stm32cubeide_1.4.0/stm32cubeide/plugins/com.st.stm32cube.ide.mcu.externaltools.gnu-tools-for-stm32.7-2018-q2-update.win32_1.4.0.202007081208/tools/bin/../lib/gcc/arm-none-eabi/7.3.1/../../../../arm-none-eabi/lib/thumb/v7-m\libc_nano.a(lib_a-memset.o)
 .data          0x0000000000000000        0x0 c:/st/stm32cubeide_1.4.0/stm32cubeide/plugins/com.st.stm32cube.ide.mcu.externaltools.gnu-tools-for-stm32.7-2018-q2-update.win32_1.4.0.202007081208/tools/bin/../lib/gcc/arm-none-eabi/7.3.1/../../../../arm-none-eabi/lib/thumb/v7-m\libc_nano.a(lib_a-memset.o)
 .bss           0x0000000000000000        0x0 c:/st/stm32cubeide_1.4.0/stm32cubeide/plugins/com.st.stm32cube.ide.mcu.externaltools.gnu-tools-for-stm32.7-2018-q2-update.win32_1.4.0.202007081208/tools/bin/../lib/gcc/arm-none-eabi/7.3.1/../../../../arm-none-eabi/lib/thumb/v7-m\libc_nano.a(lib_a-memset.o)
 .text.memset   0x0000000000000000       0x10 c:/st/stm32cubeide_1.4.0/stm32cubeide/plugins/com.st.stm32cube.ide.mcu.externaltools.gnu-tools-for-stm32.7-2018-q2-update.win32_1.4.0.202007081208/tools/bin/../lib/gcc/arm-none-eabi/7.3.1/../../../../arm-none-eabi/lib/thumb/v7-m\libc_nano.a(lib_a-memset.o)
 .debug_frame   0x0000000000000000       0x20 c:/st/stm32cubeide_1.4.0/stm32cubeide/plugins/com.st.stm32cube.ide.mcu.externaltools.gnu-tools-for-stm32.7-2018-q2-update.win32_1.4.0.202007081208/tools/bin/../lib/gcc/arm-none-eabi/7.3.1/../../../../arm-none-eabi/lib/thumb/v7-m\libc_nano.a(lib_a-memset.o)
 .ARM.attributes
                0x0000000000000000       0x2d c:/st/stm32cubeide_1.4.0/stm32cubeide/plugins/com.st.stm32cube.ide.mcu.externaltools.gnu-tools-for-stm32.7-2018-q2-update.win32_1.4.0.202007081208/tools/bin/../lib/gcc/arm-none-eabi/7.3.1/../../../../arm-none-eabi/lib/thumb/v7-m\libc_nano.a(lib_a-memset.o)
 .text          0x0000000000000000        0x0 c:/st/stm32cubeide_1.4.0/stm32cubeide/plugins/com.st.stm32cube.ide.mcu.externaltools.gnu-tools-for-stm32.7-2018-q2-update.win32_1.4.0.202007081208/tools/bin/../lib/gcc/arm-none-eabi/7.3.1/thumb/v7-m/crtend.o
 .data          0x0000000000000000        0x0 c:/st/stm32cubeide_1.4.0/stm32cubeide/plugins/com.st.stm32cube.ide.mcu.externaltools.gnu-tools-for-stm32.7-2018-q2-update.win32_1.4.0.202007081208/tools/bin/../lib/gcc/arm-none-eabi/7.3.1/thumb/v7-m/crtend.o
 .bss           0x0000000000000000        0x0 c:/st/stm32cubeide_1.4.0/stm32cubeide/plugins/com.st.stm32cube.ide.mcu.externaltools.gnu-tools-for-stm32.7-2018-q2-update.win32_1.4.0.202007081208/tools/bin/../lib/gcc/arm-none-eabi/7.3.1/thumb/v7-m/crtend.o
 .eh_frame      0x0000000000000000        0x4 c:/st/stm32cubeide_1.4.0/stm32cubeide/plugins/com.st.stm32cube.ide.mcu.externaltools.gnu-tools-for-stm32.7-2018-q2-update.win32_1.4.0.202007081208/tools/bin/../lib/gcc/arm-none-eabi/7.3.1/thumb/v7-m/crtend.o
 .ARM.attributes
                0x0000000000000000       0x2d c:/st/stm32cubeide_1.4.0/stm32cubeide/plugins/com.st.stm32cube.ide.mcu.externaltools.gnu-tools-for-stm32.7-2018-q2-update.win32_1.4.0.202007081208/tools/bin/../lib/gcc/arm-none-eabi/7.3.1/thumb/v7-m/crtend.o
 .text          0x0000000000000000        0x0 c:/st/stm32cubeide_1.4.0/stm32cubeide/plugins/com.st.stm32cube.ide.mcu.externaltools.gnu-tools-for-stm32.7-2018-q2-update.win32_1.4.0.202007081208/tools/bin/../lib/gcc/arm-none-eabi/7.3.1/thumb/v7-m/crtn.o
 .data          0x0000000000000000        0x0 c:/st/stm32cubeide_1.4.0/stm32cubeide/plugins/com.st.stm32cube.ide.mcu.externaltools.gnu-tools-for-stm32.7-2018-q2-update.win32_1.4.0.202007081208/tools/bin/../lib/gcc/arm-none-eabi/7.3.1/thumb/v7-m/crtn.o
 .bss           0x0000000000000000        0x0 c:/st/stm32cubeide_1.4.0/stm32cubeide/plugins/com.st.stm32cube.ide.mcu.externaltools.gnu-tools-for-stm32.7-2018-q2-update.win32_1.4.0.202007081208/tools/bin/../lib/gcc/arm-none-eabi/7.3.1/thumb/v7-m/crtn.o

Memory Configuration

Name             Origin             Length             Attributes
RAM              0x0000000020000000 0x0000000000005000 xrw
ROM              0x0000000008000000 0x0000000000010000 xr
*default*        0x0000000000000000 0xffffffffffffffff

Linker script and memory map

LOAD c:/st/stm32cubeide_1.4.0/stm32cubeide/plugins/com.st.stm32cube.ide.mcu.externaltools.gnu-tools-for-stm32.7-2018-q2-update.win32_1.4.0.202007081208/tools/bin/../lib/gcc/arm-none-eabi/7.3.1/thumb/v7-m/crti.o
LOAD c:/st/stm32cubeide_1.4.0/stm32cubeide/plugins/com.st.stm32cube.ide.mcu.externaltools.gnu-tools-for-stm32.7-2018-q2-update.win32_1.4.0.202007081208/tools/bin/../lib/gcc/arm-none-eabi/7.3.1/thumb/v7-m/crtbegin.o
LOAD c:/st/stm32cubeide_1.4.0/stm32cubeide/plugins/com.st.stm32cube.ide.mcu.externaltools.gnu-tools-for-stm32.7-2018-q2-update.win32_1.4.0.202007081208/tools/bin/../lib/gcc/arm-none-eabi/7.3.1/../../../../arm-none-eabi/lib/thumb/v7-m/crt0.o
LOAD HAL/I2C_Slave_EEPROM.o
LOAD STM32F103X6_DRIVERS/Stm32F103C8_I2C_Driver.o
LOAD STM32F103X6_DRIVERS/Stm32_F103C6_EXTI_driver.o
LOAD STM32F103X6_DRIVERS/Stm32_F103C6_RCC_driver.o
LOAD STM32F103X6_DRIVERS/Stm32_F103C6_TIMERS_driver.o
LOAD STM32F103X6_DRIVERS/Stm32_F103C6_gpio_driver.o
LOAD Src/main.o
LOAD Src/syscalls.o
LOAD Src/sysmem.o
LOAD Startup/startup_stm32f103c8tx.o
START GROUP
LOAD c:/st/stm32cubeide_1.4.0/stm32cubeide/plugins/com.st.stm32cube.ide.mcu.externaltools.gnu-tools-for-stm32.7-2018-q2-update.win32_1.4.0.202007081208/tools/bin/../lib/gcc/arm-none-eabi/7.3.1/../../../../arm-none-eabi/lib/thumb/v7-m\libc_nano.a
LOAD c:/st/stm32cubeide_1.4.0/stm32cubeide/plugins/com.st.stm32cube.ide.mcu.externaltools.gnu-tools-for-stm32.7-2018-q2-update.win32_1.4.0.202007081208/tools/bin/../lib/gcc/arm-none-eabi/7.3.1/../../../../arm-none-eabi/lib/thumb/v7-m\libm.a
END GROUP
START GROUP
LOAD c:/st/stm32cubeide_1.4.0/stm32cubeide/plugins/com.st.stm32cube.ide.mcu.externaltools.gnu-tools-for-stm32.7-2018-q2-update.win32_1.4.0.202007081208/tools/bin/../lib/gcc/arm-none-eabi/7.3.1/thumb/v7-m\libgcc.a
LOAD c:/st/stm32cubeide_1.4.0/stm32cubeide/plugins/com.st.stm32cube.ide.mcu.externaltools.gnu-tools-for-stm32.7-2018-q2-update.win32_1.4.0.202007081208/tools/bin/../lib/gcc/arm-none-eabi/7.3.1/../../../../arm-none-eabi/lib/thumb/v7-m\libc_nano.a
END GROUP
START GROUP
LOAD c:/st/stm32cubeide_1.4.0/stm32cubeide/plugins/com.st.stm32cube.ide.mcu.externaltools.gnu-tools-for-stm32.7-2018-q2-update.win32_1.4.0.202007081208/tools/bin/../lib/gcc/arm-none-eabi/7.3.1/thumb/v7-m\libgcc.a
LOAD c:/st/stm32cubeide_1.4.0/stm32cubeide/plugins/com.st.stm32cube.ide.mcu.externaltools.gnu-tools-for-stm32.7-2018-q2-update.win32_1.4.0.202007081208/tools/bin/../lib/gcc/arm-none-eabi/7.3.1/../../../../arm-none-eabi/lib/thumb/v7-m\libc_nano.a
LOAD c:/st/stm32cubeide_1.4.0/stm32cubeide/plugins/com.st.stm32cube.ide.mcu.externaltools.gnu-tools-for-stm32.7-2018-q2-update.win32_1.4.0.202007081208/tools/bin/../lib/gcc/arm-none-eabi/7.3.1/../../../../arm-none-eabi/lib/thumb/v7-m\libnosys.a
END GROUP
START GROUP
LOAD c:/st/stm32cubeide_1.4.0/stm32cubeide/plugins/com.st.stm32cube.ide.mcu.externaltools.gnu-tools-for-stm32.7-2018-q2-update.win32_1.4.0.202007081208/tools/bin/../lib/gcc/arm-none-eabi/7.3.1/thumb/v7-m\libgcc.a
LOAD c:/st/stm32cubeide_1.4.0/stm32cubeide/plugins/com.st.stm32cube.ide.mcu.externaltools.gnu-tools-for-stm32.7-2018-q2-update.win32_1.4.0.202007081208/tools/bin/../lib/gcc/arm-none-eabi/7.3.1/../../../../arm-none-eabi/lib/thumb/v7-m\libc_nano.a
LOAD c:/st/stm32cubeide_1.4.0/stm32cubeide/plugins/com.st.stm32cube.ide.mcu.externaltools.gnu-tools-for-stm32.7-2018-q2-update.win32_1.4.0.202007081208/tools/bin/../lib/gcc/arm-none-eabi/7.3.1/../../../../arm-none-eabi/lib/thumb/v7-m\libnosys.a
END GROUP
LOAD c:/st/stm32cubeide_1.4.0/stm32cubeide/plugins/com.st.stm32cube.ide.mcu.externaltools.gnu-tools-for-stm32.7-2018-q2-update.win32_1.4.0.202007081208/tools/bin/../lib/gcc/arm-none-eabi/7.3.1/thumb/v7-m/crtend.o
LOAD c:/st/stm32cubeide_1.4.0/stm32cubeide/plugins/com.st.stm32cube.ide.mcu.externaltools.gnu-tools-for-stm32.7-2018-q2-update.win32_1.4.0.202007081208/tools/bin/../lib/gcc/arm-none-eabi/7.3.1/thumb/v7-m/crtn.o
                0x0000000020005000                _estack = (ORIGIN (RAM) + LENGTH (RAM))
                0x0000000000000200                _Min_Heap_Size = 0x200
                0x0000000000000400                _Min_Stack_Size = 0x400

.isr_vector     0x0000000008000000      0x130
                0x0000000008000000                . = ALIGN (0x4)
 *(.isr_vector)
 .isr_vector    0x0000000008000000      0x130 Startup/startup_stm32f103c8tx.o
                0x0000000008000000                g_pfnVectors
                0x0000000008000130                . = ALIGN (0x4)

.text           0x0000000008000130      0xdcc
                0x0000000008000130                . = ALIGN (0x4)
 *(.text)
 .text          0x0000000008000130       0x40 c:/st/stm32cubeide_1.4.0/stm32cubeide/plugins/com.st.stm32cube.ide.mcu.externaltools.gnu-tools-for-stm32.7-2018-q2-update.win32_1.4.0.202007081208/tools/bin/../lib/gcc/arm-none-eabi/7.3.1/thumb/v7-m/crtbegin.o
 *(.text*)
 .text.EEPROM_Init
                0x0000000008000170       0x48 HAL/I2C_Slave_EEPROM.o
                0x0000000008000170                EEPROM_Init
 .text.EEPROM_Write_Nbytes
                0x00000000080001b8       0x98 HAL/I2C_Slave_EEPROM.o
                0x00000000080001b8                EEPROM_Write_Nbytes
 .text.EEPROM_Read_bytes
                0x0000000008000250       0x54 HAL/I2C_Slave_EEPROM.o
                0x0000000008000250                EEPROM_Read_bytes
 .text.MCAL_I2C_Init
                0x00000000080002a4      0x1f8 STM32F103X6_DRIVERS/Stm32F103C8_I2C_Driver.o
                0x00000000080002a4                MCAL_I2C_Init
 .text.MCAL_I2C_GPIO_Set_Pins
                0x000000000800049c       0x90 STM32F103X6_DRIVERS/Stm32F103C8_I2C_Driver.o
                0x000000000800049c                MCAL_I2C_GPIO_Set_Pins
 .text.MCAL_I2C_Master_Tx
                0x000000000800052c       0x9c STM32F103X6_DRIVERS/Stm32F103C8_I2C_Driver.o
                0x000000000800052c                MCAL_I2C_Master_Tx
 .text.MCAL_I2C_Master_Rx
                0x00000000080005c8       0xe8 STM32F103X6_DRIVERS/Stm32F103C8_I2C_Driver.o
                0x00000000080005c8                MCAL_I2C_Master_Rx
 .text.I2C_Generate_Start
                0x00000000080006b0       0x50 STM32F103X6_DRIVERS/Stm32F103C8_I2C_Driver.o
                0x00000000080006b0                I2C_Generate_Start
 .text.I2C_Generate_Stop
                0x0000000008000700       0x36 STM32F103X6_DRIVERS/Stm32F103C8_I2C_Driver.o
                0x0000000008000700                I2C_Generate_Stop
 .text.I2C_ACK_Control
                0x0000000008000736       0x36 STM32F103X6_DRIVERS/Stm32F103C8_I2C_Driver.o
                0x0000000008000736                I2C_ACK_Control
 .text.I2C_Get_Flag_Status
                0x000000000800076c       0x4e STM32F103X6_DRIVERS/Stm32F103C8_I2C_Driver.o
                0x000000000800076c                I2C_Get_Flag_Status
 .text.I2C_Get_Event_Status
                0x00000000080007ba       0x66 STM32F103X6_DRIVERS/Stm32F103C8_I2C_Driver.o
                0x00000000080007ba                I2C_Get_Event_Status
 .text.I2C_Send_Address
                0x0000000008000820       0x3e STM32F103X6_DRIVERS/Stm32F103C8_I2C_Driver.o
                0x0000000008000820                I2C_Send_Address
 *fill*         0x000000000800085e        0x2 
 .text.I2C1_EV_IRQHandler
                0x0000000008000860       0xb0 STM32F103X6_DRIVERS/Stm32F103C8_I2C_Driver.o
                0x0000000008000860                I2C1_EV_IRQHandler
 .text.I2C1_ER_IRQHandler
                0x0000000008000910        0xc STM32F103X6_DRIVERS/Stm32F103C8_I2C_Driver.o
                0x0000000008000910                I2C1_ER_IRQHandler
 .text.I2C2_EV_IRQHandler
                0x000000000800091c       0xb0 STM32F103X6_DRIVERS/Stm32F103C8_I2C_Driver.o
                0x000000000800091c                I2C2_EV_IRQHandler
 .text.I2C2_ER_IRQHandler
                0x00000000080009cc        0xc STM32F103X6_DRIVERS/Stm32F103C8_I2C_Driver.o
                0x00000000080009cc                I2C2_ER_IRQHandler
 .text.EXTI0_IRQHandler
                0x00000000080009d8       0x24 STM32F103X6_DRIVERS/Stm32_F103C6_EXTI_driver.o
                0x00000000080009d8                EXTI0_IRQHandler
 .text.EXTI1_IRQHandler
                0x00000000080009fc       0x24 STM32F103X6_DRIVERS/Stm32_F103C6_EXTI_driver.o
                0x00000000080009fc                EXTI1_IRQHandler
 .text.EXTI2_IRQHandler
                0x0000000008000a20       0x24 STM32F103X6_DRIVERS/Stm32_F103C6_EXTI_driver.o
                0x0000000008000a20                EXTI2_IRQHandler
 .text.EXTI3_IRQHandler
                0x0000000008000a44       0x24 STM32F103X6_DRIVERS/Stm32_F103C6_EXTI_driver.o
                0x0000000008000a44                EXTI3_IRQHandler
 .text.EXTI4_IRQHandler
                0x0000000008000a68       0x24 STM32F103X6_DRIVERS/Stm32_F103C6_EXTI_driver.o
                0x0000000008000a68                EXTI4_IRQHandler
 .text.EXTI9_5_IRQHandler
                0x0000000008000a8c       0xb0 STM32F103X6_DRIVERS/Stm32_F103C6_EXTI_driver.o
                0x0000000008000a8c                EXTI9_5_IRQHandler
 .text.EXTI15_10_IRQHandler
                0x0000000008000b3c       0xd0 STM32F103X6_DRIVERS/Stm32_F103C6_EXTI_driver.o
                0x0000000008000b3c                EXTI15_10_IRQHandler
 .text.MCAL_RCC_GET_SYSCLK_Freq
                0x0000000008000c0c       0x3c STM32F103X6_DRIVERS/Stm32_F103C6_RCC_driver.o
                0x0000000008000c0c                MCAL_RCC_GET_SYSCLK_Freq
 .text.MCAL_RCC_GET_PCLK1_Freq
                0x0000000008000c48       0x28 STM32F103X6_DRIVERS/Stm32_F103C6_RCC_driver.o
                0x0000000008000c48                MCAL_RCC_GET_PCLK1_Freq
 .text.TIM2_IRQHandler
                0x0000000008000c70       0x14 STM32F103X6_DRIVERS/Stm32_F103C6_TIMERS_driver.o
                0x0000000008000c70                TIM2_IRQHandler
 .text.TIM3_IRQHandler
                0x0000000008000c84       0x14 STM32F103X6_DRIVERS/Stm32_F103C6_TIMERS_driver.o
                0x0000000008000c84                TIM3_IRQHandler
 .text.TIM4_IRQHandler
                0x0000000008000c98       0x14 STM32F103X6_DRIVERS/Stm32_F103C6_TIMERS_driver.o
                0x0000000008000c98                TIM4_IRQHandler
 .text.MCAL_GPIO_Init
                0x0000000008000cac      0x104 STM32F103X6_DRIVERS/Stm32_F103C6_gpio_driver.o
                0x0000000008000cac                MCAL_GPIO_Init
 .text.Clock_init
                0x0000000008000db0       0x1c Src/main.o
                0x0000000008000db0                Clock_init
 .text.main     0x0000000008000dcc       0x7c Src/main.o
                0x0000000008000dcc                main
 .text.Reset_Handler
                0x0000000008000e48       0x50 Startup/startup_stm32f103c8tx.o
                0x0000000008000e48                Reset_Handler
 .text.Default_Handler
                0x0000000008000e98        0x2 Startup/startup_stm32f103c8tx.o
                0x0000000008000e98                TIM8_TRG_COM_IRQHandler
                0x0000000008000e98                TIM8_CC_IRQHandler
                0x0000000008000e98                DebugMon_Handler
                0x0000000008000e98                TIM1_CC_IRQHandler
                0x0000000008000e98                HardFault_Handler
                0x0000000008000e98                TIM6_IRQHandler
                0x0000000008000e98                SysTick_Handler
                0x0000000008000e98                PVD_IRQHandler
                0x0000000008000e98                SDIO_IRQHandler
                0x0000000008000e98                PendSV_Handler
                0x0000000008000e98                NMI_Handler
                0x0000000008000e98                USB_HP_CAN_TX_IRQHandler
                0x0000000008000e98                UsageFault_Handler
                0x0000000008000e98                ADC1_2_IRQHandler
                0x0000000008000e98                SPI1_IRQHandler
                0x0000000008000e98                CAN_SCE_IRQHandler
                0x0000000008000e98                TAMPER_IRQHandler
                0x0000000008000e98                TIM8_UP_IRQHandler
                0x0000000008000e98                DMA2_Channel2_IRQHandler
                0x0000000008000e98                DMA1_Channel4_IRQHandler
                0x0000000008000e98                USART3_IRQHandler
                0x0000000008000e98                RTC_IRQHandler
                0x0000000008000e98                DMA1_Channel7_IRQHandler
                0x0000000008000e98                UART5_IRQHandler
                0x0000000008000e98                ADC3_IRQHandler
                0x0000000008000e98                CAN_RX1_IRQHandler
                0x0000000008000e98                DMA2_Channel1_IRQHandler
                0x0000000008000e98                DMA1_Channel6_IRQHandler
                0x0000000008000e98                UART4_IRQHandler
                0x0000000008000e98                RCC_IRQHandler
                0x0000000008000e98                TIM1_TRG_COM_IRQHandler
                0x0000000008000e98                DMA1_Channel1_IRQHandler
                0x0000000008000e98                Default_Handler
                0x0000000008000e98                TIM7_IRQHandler
                0x0000000008000e98                TIM5_IRQHandler
                0x0000000008000e98                SPI2_IRQHandler
                0x0000000008000e98                USB_LP_CAN_RX0_IRQHandler
                0x0000000008000e98                MemManage_Handler
                0x0000000008000e98                SVC_Handler
                0x0000000008000e98                DMA1_Channel5_IRQHandler
                0x0000000008000e98                DMA1_Channel3_IRQHandler
                0x0000000008000e98                FSMC_IRQHandler
                0x0000000008000e98                TIM1_UP_IRQHandler
                0x0000000008000e98                WWDG_IRQHandler
                0x0000000008000e98                TIM1_BRK_IRQHandler
                0x0000000008000e98                RTCAlarm_IRQHandler
                0x0000000008000e98                DMA2_Channel4_5_IRQHandler
                0x0000000008000e98                USART2_IRQHandler
                0x0000000008000e98                DMA1_Channel2_IRQHandler
                0x0000000008000e98                TIM8_BRK_IRQHandler
                0x0000000008000e98                FLASH_IRQHandler
                0x0000000008000e98                BusFault_Handler
                0x0000000008000e98                USART1_IRQHandler
                0x0000000008000e98                SPI3_IRQHandler
                0x0000000008000e98                DMA2_Channel3_IRQHandler
 *fill*         0x0000000008000e9a        0x2 
 .text.__libc_init_array
                0x0000000008000e9c       0x48 c:/st/stm32cubeide_1.4.0/stm32cubeide/plugins/com.st.stm32cube.ide.mcu.externaltools.gnu-tools-for-stm32.7-2018-q2-update.win32_1.4.0.202007081208/tools/bin/../lib/gcc/arm-none-eabi/7.3.1/../../../../arm-none-eabi/lib/thumb/v7-m\libc_nano.a(lib_a-init.o)
                0x0000000008000e9c                __libc_init_array
 *(.glue_7)
 .glue_7        0x0000000008000ee4        0x0 linker stubs
 *(.glue_7t)
 .glue_7t       0x0000000008000ee4        0x0 linker stubs
 *(.eh_frame)
 .eh_frame      0x0000000008000ee4        0x0 c:/st/stm32cubeide_1.4.0/stm32cubeide/plugins/com.st.stm32cube.ide.mcu.externaltools.gnu-tools-for-stm32.7-2018-q2-update.win32_1.4.0.202007081208/tools/bin/../lib/gcc/arm-none-eabi/7.3.1/thumb/v7-m/crtbegin.o
 *(.init)
 .init          0x0000000008000ee4        0x4 c:/st/stm32cubeide_1.4.0/stm32cubeide/plugins/com.st.stm32cube.ide.mcu.externaltools.gnu-tools-for-stm32.7-2018-q2-update.win32_1.4.0.202007081208/tools/bin/../lib/gcc/arm-none-eabi/7.3.1/thumb/v7-m/crti.o
                0x0000000008000ee4                _init
 .init          0x0000000008000ee8        0x8 c:/st/stm32cubeide_1.4.0/stm32cubeide/plugins/com.st.stm32cube.ide.mcu.externaltools.gnu-tools-for-stm32.7-2018-q2-update.win32_1.4.0.202007081208/tools/bin/../lib/gcc/arm-none-eabi/7.3.1/thumb/v7-m/crtn.o
 *(.fini)
 .fini          0x0000000008000ef0        0x4 c:/st/stm32cubeide_1.4.0/stm32cubeide/plugins/com.st.stm32cube.ide.mcu.externaltools.gnu-tools-for-stm32.7-2018-q2-update.win32_1.4.0.202007081208/tools/bin/../lib/gcc/arm-none-eabi/7.3.1/thumb/v7-m/crti.o
                0x0000000008000ef0                _fini
 .fini          0x0000000008000ef4        0x8 c:/st/stm32cubeide_1.4.0/stm32cubeide/plugins/com.st.stm32cube.ide.mcu.externaltools.gnu-tools-for-stm32.7-2018-q2-update.win32_1.4.0.202007081208/tools/bin/../lib/gcc/arm-none-eabi/7.3.1/thumb/v7-m/crtn.o
                0x0000000008000efc                . = ALIGN (0x4)
                0x0000000008000efc                _etext = .

.vfp11_veneer   0x0000000008000efc        0x0
 .vfp11_veneer  0x0000000008000efc        0x0 linker stubs

.v4_bx          0x0000000008000efc        0x0
 .v4_bx         0x0000000008000efc        0x0 linker stubs

.iplt           0x0000000008000efc        0x0
 .iplt          0x0000000008000efc        0x0 c:/st/stm32cubeide_1.4.0/stm32cubeide/plugins/com.st.stm32cube.ide.mcu.externaltools.gnu-tools-for-stm32.7-2018-q2-update.win32_1.4.0.202007081208/tools/bin/../lib/gcc/arm-none-eabi/7.3.1/thumb/v7-m/crtbegin.o

.rodata         0x0000000008000efc       0x10
                0x0000000008000efc                . = ALIGN (0x4)
 *(.rodata)
 .rodata        0x0000000008000efc        0x7 Src/main.o
 *(.rodata*)
 *fill*         0x0000000008000f03        0x1 
 .rodata.APBPrescTable
                0x0000000008000f04        0x8 STM32F103X6_DRIVERS/Stm32_F103C6_RCC_driver.o
                0x0000000008000f04                APBPrescTable
                0x0000000008000f0c                . = ALIGN (0x4)

.rel.dyn        0x0000000008000f0c        0x0
 .rel.iplt      0x0000000008000f0c        0x0 c:/st/stm32cubeide_1.4.0/stm32cubeide/plugins/com.st.stm32cube.ide.mcu.externaltools.gnu-tools-for-stm32.7-2018-q2-update.win32_1.4.0.202007081208/tools/bin/../lib/gcc/arm-none-eabi/7.3.1/thumb/v7-m/crtbegin.o

.ARM.extab      0x0000000008000f0c        0x0
                0x0000000008000f0c                . = ALIGN (0x4)
 *(.ARM.extab* .gnu.linkonce.armextab.*)
                0x0000000008000f0c                . = ALIGN (0x4)

.ARM            0x0000000008000f0c        0x0
                0x0000000008000f0c                . = ALIGN (0x4)
                0x0000000008000f0c                __exidx_start = .
 *(.ARM.exidx*)
                0x0000000008000f0c                __exidx_end = .
                0x0000000008000f0c                . = ALIGN (0x4)

.preinit_array  0x0000000008000f0c        0x0
                0x0000000008000f0c                . = ALIGN (0x4)
                0x0000000008000f0c                PROVIDE (__preinit_array_start = .)
 *(.preinit_array*)
                0x0000000008000f0c                PROVIDE (__preinit_array_end = .)
                0x0000000008000f0c                . = ALIGN (0x4)

.init_array     0x0000000008000f0c        0x4
                0x0000000008000f0c                . = ALIGN (0x4)
                0x0000000008000f0c                PROVIDE (__init_array_start = .)
 *(SORT_BY_NAME(.init_array.*))
 *(.init_array*)
 .init_array    0x0000000008000f0c        0x4 c:/st/stm32cubeide_1.4.0/stm32cubeide/plugins/com.st.stm32cube.ide.mcu.externaltools.gnu-tools-for-stm32.7-2018-q2-update.win32_1.4.0.202007081208/tools/bin/../lib/gcc/arm-none-eabi/7.3.1/thumb/v7-m/crtbegin.o
                0x0000000008000f10                PROVIDE (__init_array_end = .)
                0x0000000008000f10                . = ALIGN (0x4)

.fini_array     0x0000000008000f10        0x4
                0x0000000008000f10                . = ALIGN (0x4)
                [!provide]                        PROVIDE (__fini_array_start = .)
 *(SORT_BY_NAME(.fini_array.*))
 *(.fini_array*)
 .fini_array    0x0000000008000f10        0x4 c:/st/stm32cubeide_1.4.0/stm32cubeide/plugins/com.st.stm32cube.ide.mcu.externaltools.gnu-tools-for-stm32.7-2018-q2-update.win32_1.4.0.202007081208/tools/bin/../lib/gcc/arm-none-eabi/7.3.1/thumb/v7-m/crtbegin.o
                [!provide]                        PROVIDE (__fini_array_end = .)
                0x0000000008000f14                . = ALIGN (0x4)
                0x0000000008000f14                _sidata = LOADADDR (.data)

.data           0x0000000020000000        0x0 load address 0x0000000008000f14
                0x0000000020000000                . = ALIGN (0x4)
                0x0000000020000000                _sdata = .
 *(.data)
 *(.data*)
                0x0000000020000000                . = ALIGN (0x4)
                0x0000000020000000                _edata = .

.igot.plt       0x0000000020000000        0x0 load address 0x0000000008000f14
 .igot.plt      0x0000000020000000        0x0 c:/st/stm32cubeide_1.4.0/stm32cubeide/plugins/com.st.stm32cube.ide.mcu.externaltools.gnu-tools-for-stm32.7-2018-q2-update.win32_1.4.0.202007081208/tools/bin/../lib/gcc/arm-none-eabi/7.3.1/thumb/v7-m/crtbegin.o
                0x0000000020000000                . = ALIGN (0x4)

.bss            0x0000000020000000       0xbc load address 0x0000000008000f14
                0x0000000020000000                _sbss = .
                0x0000000020000000                __bss_start__ = _sbss
 *(.bss)
 .bss           0x0000000020000000       0x1c c:/st/stm32cubeide_1.4.0/stm32cubeide/plugins/com.st.stm32cube.ide.mcu.externaltools.gnu-tools-for-stm32.7-2018-q2-update.win32_1.4.0.202007081208/tools/bin/../lib/gcc/arm-none-eabi/7.3.1/thumb/v7-m/crtbegin.o
 *(.bss*)
 *(COMMON)
 COMMON         0x000000002000001c       0x50 STM32F103X6_DRIVERS/Stm32F103C8_I2C_Driver.o
                0x000000002000001c                G_I2C_Cfg
 COMMON         0x000000002000006c       0x3c STM32F103X6_DRIVERS/Stm32_F103C6_EXTI_driver.o
                0x000000002000006c                GP_IRQ_CallBack
 COMMON         0x00000000200000a8       0x14 STM32F103X6_DRIVERS/Stm32_F103C6_TIMERS_driver.o
                0x00000000200000a8                G_TIMERx
                0x00000000200000ac                P_IRQ_CallBack_Fun
                0x00000000200000b0                OverFlow_Number
                0x00000000200000bc                . = ALIGN (0x4)
                0x00000000200000bc                _ebss = .
                0x00000000200000bc                __bss_end__ = _ebss

._user_heap_stack
                0x00000000200000bc      0x604 load address 0x0000000008000f14
                0x00000000200000c0                . = ALIGN (0x8)
 *fill*         0x00000000200000bc        0x4 
                [!provide]                        PROVIDE (end = .)
                0x00000000200000c0                PROVIDE (_end = .)
                0x00000000200002c0                . = (. + _Min_Heap_Size)
 *fill*         0x00000000200000c0      0x200 
                0x00000000200006c0                . = (. + _Min_Stack_Size)
 *fill*         0x00000000200002c0      0x400 
                0x00000000200006c0                . = ALIGN (0x8)

/DISCARD/
 libc.a(*)
 libm.a(*)
 libgcc.a(*)

.ARM.attributes
                0x0000000000000000       0x29
 *(.ARM.attributes)
 .ARM.attributes
                0x0000000000000000       0x1d c:/st/stm32cubeide_1.4.0/stm32cubeide/plugins/com.st.stm32cube.ide.mcu.externaltools.gnu-tools-for-stm32.7-2018-q2-update.win32_1.4.0.202007081208/tools/bin/../lib/gcc/arm-none-eabi/7.3.1/thumb/v7-m/crti.o
 .ARM.attributes
                0x000000000000001d       0x2d c:/st/stm32cubeide_1.4.0/stm32cubeide/plugins/com.st.stm32cube.ide.mcu.externaltools.gnu-tools-for-stm32.7-2018-q2-update.win32_1.4.0.202007081208/tools/bin/../lib/gcc/arm-none-eabi/7.3.1/thumb/v7-m/crtbegin.o
 .ARM.attributes
                0x000000000000004a       0x33 HAL/I2C_Slave_EEPROM.o
 .ARM.attributes
                0x000000000000007d       0x33 STM32F103X6_DRIVERS/Stm32F103C8_I2C_Driver.o
 .ARM.attributes
                0x00000000000000b0       0x33 STM32F103X6_DRIVERS/Stm32_F103C6_EXTI_driver.o
 .ARM.attributes
                0x00000000000000e3       0x33 STM32F103X6_DRIVERS/Stm32_F103C6_RCC_driver.o
 .ARM.attributes
                0x0000000000000116       0x33 STM32F103X6_DRIVERS/Stm32_F103C6_TIMERS_driver.o
 .ARM.attributes
                0x0000000000000149       0x33 STM32F103X6_DRIVERS/Stm32_F103C6_gpio_driver.o
 .ARM.attributes
                0x000000000000017c       0x33 Src/main.o
 .ARM.attributes
                0x00000000000001af       0x21 Startup/startup_stm32f103c8tx.o
 .ARM.attributes
                0x00000000000001d0       0x2d c:/st/stm32cubeide_1.4.0/stm32cubeide/plugins/com.st.stm32cube.ide.mcu.externaltools.gnu-tools-for-stm32.7-2018-q2-update.win32_1.4.0.202007081208/tools/bin/../lib/gcc/arm-none-eabi/7.3.1/../../../../arm-none-eabi/lib/thumb/v7-m\libc_nano.a(lib_a-init.o)
 .ARM.attributes
                0x00000000000001fd       0x1d c:/st/stm32cubeide_1.4.0/stm32cubeide/plugins/com.st.stm32cube.ide.mcu.externaltools.gnu-tools-for-stm32.7-2018-q2-update.win32_1.4.0.202007081208/tools/bin/../lib/gcc/arm-none-eabi/7.3.1/thumb/v7-m/crtn.o
OUTPUT(I2C_Lab.elf elf32-littlearm)

.debug_info     0x0000000000000000     0x1ba4
 .debug_info    0x0000000000000000      0x38e HAL/I2C_Slave_EEPROM.o
 .debug_info    0x000000000000038e      0x938 STM32F103X6_DRIVERS/Stm32F103C8_I2C_Driver.o
 .debug_info    0x0000000000000cc6      0x436 STM32F103X6_DRIVERS/Stm32_F103C6_EXTI_driver.o
 .debug_info    0x00000000000010fc      0x1e9 STM32F103X6_DRIVERS/Stm32_F103C6_RCC_driver.o
 .debug_info    0x00000000000012e5      0x314 STM32F103X6_DRIVERS/Stm32_F103C6_TIMERS_driver.o
 .debug_info    0x00000000000015f9      0x3ee STM32F103X6_DRIVERS/Stm32_F103C6_gpio_driver.o
 .debug_info    0x00000000000019e7      0x19b Src/main.o
 .debug_info    0x0000000000001b82       0x22 Startup/startup_stm32f103c8tx.o

.debug_abbrev   0x0000000000000000      0x801
 .debug_abbrev  0x0000000000000000       0xff HAL/I2C_Slave_EEPROM.o
 .debug_abbrev  0x00000000000000ff      0x1f8 STM32F103X6_DRIVERS/Stm32F103C8_I2C_Driver.o
 .debug_abbrev  0x00000000000002f7      0x160 STM32F103X6_DRIVERS/Stm32_F103C6_EXTI_driver.o
 .debug_abbrev  0x0000000000000457       0xc6 STM32F103X6_DRIVERS/Stm32_F103C6_RCC_driver.o
 .debug_abbrev  0x000000000000051d      0x13b STM32F103X6_DRIVERS/Stm32_F103C6_TIMERS_driver.o
 .debug_abbrev  0x0000000000000658       0xd8 STM32F103X6_DRIVERS/Stm32_F103C6_gpio_driver.o
 .debug_abbrev  0x0000000000000730       0xbf Src/main.o
 .debug_abbrev  0x00000000000007ef       0x12 Startup/startup_stm32f103c8tx.o

.debug_aranges  0x0000000000000000      0x290
 .debug_aranges
                0x0000000000000000       0x30 HAL/I2C_Slave_EEPROM.o
 .debug_aranges
                0x0000000000000030       0xa0 STM32F103X6_DRIVERS/Stm32F103C8_I2C_Driver.o
 .debug_aranges
                0x00000000000000d0       0x80 STM32F103X6_DRIVERS/Stm32_F103C6_EXTI_driver.o
 .debug_aranges
                0x0000000000000150       0x38 STM32F103X6_DRIVERS/Stm32_F103C6_RCC_driver.o
 .debug_aranges
                0x0000000000000188       0x60 STM32F103X6_DRIVERS/Stm32_F103C6_TIMERS_driver.o
 .debug_aranges
                0x00000000000001e8       0x58 STM32F103X6_DRIVERS/Stm32_F103C6_gpio_driver.o
 .debug_aranges
                0x0000000000000240       0x28 Src/main.o
 .debug_aranges
                0x0000000000000268       0x28 Startup/startup_stm32f103c8tx.o

.debug_ranges   0x0000000000000000      0x218
 .debug_ranges  0x0000000000000000       0x20 HAL/I2C_Slave_EEPROM.o
 .debug_ranges  0x0000000000000020       0x90 STM32F103X6_DRIVERS/Stm32F103C8_I2C_Driver.o
 .debug_ranges  0x00000000000000b0       0x70 STM32F103X6_DRIVERS/Stm32_F103C6_EXTI_driver.o
 .debug_ranges  0x0000000000000120       0x28 STM32F103X6_DRIVERS/Stm32_F103C6_RCC_driver.o
 .debug_ranges  0x0000000000000148       0x50 STM32F103X6_DRIVERS/Stm32_F103C6_TIMERS_driver.o
 .debug_ranges  0x0000000000000198       0x48 STM32F103X6_DRIVERS/Stm32_F103C6_gpio_driver.o
 .debug_ranges  0x00000000000001e0       0x18 Src/main.o
 .debug_ranges  0x00000000000001f8       0x20 Startup/startup_stm32f103c8tx.o

.debug_macro    0x0000000000000000     0x28e7
 .debug_macro   0x0000000000000000       0xac HAL/I2C_Slave_EEPROM.o
 .debug_macro   0x00000000000000ac      0xa60 HAL/I2C_Slave_EEPROM.o
 .debug_macro   0x0000000000000b0c       0x22 HAL/I2C_Slave_EEPROM.o
 .debug_macro   0x0000000000000b2e       0x8e HAL/I2C_Slave_EEPROM.o
 .debug_macro   0x0000000000000bbc       0x51 HAL/I2C_Slave_EEPROM.o
 .debug_macro   0x0000000000000c0d       0xef HAL/I2C_Slave_EEPROM.o
 .debug_macro   0x0000000000000cfc       0x6a HAL/I2C_Slave_EEPROM.o
 .debug_macro   0x0000000000000d66      0x1df HAL/I2C_Slave_EEPROM.o
 .debug_macro   0x0000000000000f45      0x7b7 HAL/I2C_Slave_EEPROM.o
 .debug_macro   0x00000000000016fc       0xd6 HAL/I2C_Slave_EEPROM.o
 .debug_macro   0x00000000000017d2      0x229 HAL/I2C_Slave_EEPROM.o
 .debug_macro   0x00000000000019fb       0x16 HAL/I2C_Slave_EEPROM.o
 .debug_macro   0x0000000000001a11       0x89 HAL/I2C_Slave_EEPROM.o
 .debug_macro   0x0000000000001a9a       0xa8 STM32F103X6_DRIVERS/Stm32F103C8_I2C_Driver.o
 .debug_macro   0x0000000000001b42       0x90 STM32F103X6_DRIVERS/Stm32_F103C6_EXTI_driver.o
 .debug_macro   0x0000000000001bd2      0x223 STM32F103X6_DRIVERS/Stm32_F103C6_EXTI_driver.o
 .debug_macro   0x0000000000001df5       0x7b STM32F103X6_DRIVERS/Stm32_F103C6_RCC_driver.o
 .debug_macro   0x0000000000001e70      0x7bd STM32F103X6_DRIVERS/Stm32_F103C6_RCC_driver.o
 .debug_macro   0x000000000000262d       0x10 STM32F103X6_DRIVERS/Stm32_F103C6_RCC_driver.o
 .debug_macro   0x000000000000263d       0x84 STM32F103X6_DRIVERS/Stm32_F103C6_TIMERS_driver.o
 .debug_macro   0x00000000000026c1       0x1c STM32F103X6_DRIVERS/Stm32_F103C6_TIMERS_driver.o
 .debug_macro   0x00000000000026dd       0x81 STM32F103X6_DRIVERS/Stm32_F103C6_gpio_driver.o
 .debug_macro   0x000000000000275e       0xd0 STM32F103X6_DRIVERS/Stm32_F103C6_gpio_driver.o
 .debug_macro   0x000000000000282e       0xa9 Src/main.o
 .debug_macro   0x00000000000028d7       0x10 Src/main.o

.debug_line     0x0000000000000000     0x2506
 .debug_line    0x0000000000000000      0x4e2 HAL/I2C_Slave_EEPROM.o
 .debug_line    0x00000000000004e2      0x67c STM32F103X6_DRIVERS/Stm32F103C8_I2C_Driver.o
 .debug_line    0x0000000000000b5e      0x613 STM32F103X6_DRIVERS/Stm32_F103C6_EXTI_driver.o
 .debug_line    0x0000000000001171      0x44e STM32F103X6_DRIVERS/Stm32_F103C6_RCC_driver.o
 .debug_line    0x00000000000015bf      0x500 STM32F103X6_DRIVERS/Stm32_F103C6_TIMERS_driver.o
 .debug_line    0x0000000000001abf      0x50e STM32F103X6_DRIVERS/Stm32_F103C6_gpio_driver.o
 .debug_line    0x0000000000001fcd      0x4b5 Src/main.o
 .debug_line    0x0000000000002482       0x84 Startup/startup_stm32f103c8tx.o

.debug_str      0x0000000000000000     0x8a7d
 .debug_str     0x0000000000000000     0x7fec HAL/I2C_Slave_EEPROM.o
                                       0x8167 (size before relaxing)
 .debug_str     0x0000000000007fec      0x449 STM32F103X6_DRIVERS/Stm32F103C8_I2C_Driver.o
                                       0x852d (size before relaxing)
 .debug_str     0x0000000000008435      0x277 STM32F103X6_DRIVERS/Stm32_F103C6_EXTI_driver.o
                                       0x7e43 (size before relaxing)
 .debug_str     0x00000000000086ac       0xad STM32F103X6_DRIVERS/Stm32_F103C6_RCC_driver.o
                                       0x657e (size before relaxing)
 .debug_str     0x0000000000008759      0x1be STM32F103X6_DRIVERS/Stm32_F103C6_TIMERS_driver.o
                                       0x664a (size before relaxing)
 .debug_str     0x0000000000008917      0x117 STM32F103X6_DRIVERS/Stm32_F103C6_gpio_driver.o
                                       0x69d1 (size before relaxing)
 .debug_str     0x0000000000008a2e       0x1e Src/main.o
                                       0x7f21 (size before relaxing)
 .debug_str     0x0000000000008a4c       0x31 Startup/startup_stm32f103c8tx.o
                                         0x64 (size before relaxing)

.comment        0x0000000000000000       0x7b
 .comment       0x0000000000000000       0x7b HAL/I2C_Slave_EEPROM.o
                                         0x7c (size before relaxing)
 .comment       0x000000000000007b       0x7c STM32F103X6_DRIVERS/Stm32F103C8_I2C_Driver.o
 .comment       0x000000000000007b       0x7c STM32F103X6_DRIVERS/Stm32_F103C6_EXTI_driver.o
 .comment       0x000000000000007b       0x7c STM32F103X6_DRIVERS/Stm32_F103C6_RCC_driver.o
 .comment       0x000000000000007b       0x7c STM32F103X6_DRIVERS/Stm32_F103C6_TIMERS_driver.o
 .comment       0x000000000000007b       0x7c STM32F103X6_DRIVERS/Stm32_F103C6_gpio_driver.o
 .comment       0x000000000000007b       0x7c Src/main.o

.debug_frame    0x0000000000000000      0x84c
 .debug_frame   0x0000000000000000       0x80 HAL/I2C_Slave_EEPROM.o
 .debug_frame   0x0000000000000080      0x290 STM32F103X6_DRIVERS/Stm32F103C8_I2C_Driver.o
 .debug_frame   0x0000000000000310      0x1b0 STM32F103X6_DRIVERS/Stm32_F103C6_EXTI_driver.o
 .debug_frame   0x00000000000004c0       0x84 STM32F103X6_DRIVERS/Stm32_F103C6_RCC_driver.o
 .debug_frame   0x0000000000000544      0x13c STM32F103X6_DRIVERS/Stm32_F103C6_TIMERS_driver.o
 .debug_frame   0x0000000000000680      0x150 STM32F103X6_DRIVERS/Stm32_F103C6_gpio_driver.o
 .debug_frame   0x00000000000007d0       0x50 Src/main.o
 .debug_frame   0x0000000000000820       0x2c c:/st/stm32cubeide_1.4.0/stm32cubeide/plugins/com.st.stm32cube.ide.mcu.externaltools.gnu-tools-for-stm32.7-2018-q2-update.win32_1.4.0.202007081208/tools/bin/../lib/gcc/arm-none-eabi/7.3.1/../../../../arm-none-eabi/lib/thumb/v7-m\libc_nano.a(lib_a-init.o)
